
> lattice@0.27.0 test:browser
> playwright test tests/browser/clear-diagnostics.spec.mjs tests/browser/ember-theme.spec.mjs tests/browser/node-profile-themes.spec.mjs tests/browser/workflows.spec.mjs tests/browser/workspace-menu-panels.spec.mjs tests/browser/workspace.spec.mjs tests/browser/preview-fidelity.spec.mjs tests/browser/workflow-data-details.spec.mjs

[WebServer] (node:434432) Warning: The 'NO_COLOR' env is ignored due to the 'FORCE_COLOR' env being set.
[WebServer] (Use `node --trace-warnings ...` to show where the warning was created)

Running 73 tests using 1 worker

(node:499404) Warning: The 'NO_COLOR' env is ignored due to the 'FORCE_COLOR' env being set.
(Use `node --trace-warnings ...` to show where the warning was created)
  ok  1 tests\browser\clear-diagnostics.spec.mjs:16:34 › native preview explains how to start without a model request at 1440px (1.8s)
  ok  2 tests\browser\clear-diagnostics.spec.mjs:16:34 › native preview explains how to start without a model request at 320px (1.8s)
  ok  3 tests\browser\clear-diagnostics.spec.mjs:51:1 › source-free output still runs and replaces its neutral empty state with output (1.5s)
  ok  4 tests\browser\ember-theme.spec.mjs:5:1 › approved Dark Lite Ember verifies fresh unified startup then preserves fill-only alpha and family colors (1.9s)
  ok  5 tests\browser\ember-theme.spec.mjs:17:1 › Ember inherits a different live host theme without changing host colors or compounding labels (1.6s)
  ok  6 tests\browser\ember-theme.spec.mjs:24:1 › Ember keeps orange selection and compact aliases while real JSON failure retains its error priority (2.1s)
  ok  7 tests\browser\ember-theme.spec.mjs:40:1 › actual Run details and meter inherit alternate host roles while completion and failure retain semantic colors (2.1s)
  ok  8 tests\browser\node-profile-themes.spec.mjs:94:5 › node profile controls follow the actual Ember theme picker (2.0s)
  ok  9 tests\browser\node-profile-themes.spec.mjs:94:5 › node profile controls follow the actual Lattice theme picker (2.0s)
  ok 10 tests\browser\node-profile-themes.spec.mjs:94:5 › node profile controls follow the actual Ash theme picker (2.0s)
  ok 11 tests\browser\node-profile-themes.spec.mjs:94:5 › node profile controls follow the actual Graphite theme picker (2.0s)
  ok 12 tests\browser\node-profile-themes.spec.mjs:94:5 › node profile controls follow the actual Slate theme picker (2.1s)
  ok 13 tests\browser\node-profile-themes.spec.mjs:94:5 › node profile controls follow the actual Obsidian theme picker (2.0s)
  ok 14 tests\browser\node-profile-themes.spec.mjs:94:5 › node profile controls follow the actual Harbor theme picker (2.2s)
  ok 15 tests\browser\node-profile-themes.spec.mjs:94:5 › node profile controls follow the actual Signal theme picker (2.0s)
  ok 16 tests\browser\node-profile-themes.spec.mjs:113:1 › profile controls follow custom light colors and font without changing host styles (2.4s)
  ok 17 tests\browser\node-profile-themes.spec.mjs:154:1 › profile popup hides canvas content under translucent SillyTavern panels and exposes themed keyboard focus (2.0s)
  ok 18 tests\browser\preview-fidelity.spec.mjs:23:34 › recorded preview keeps a useful artifact body and reachable chrome at 1024px (2.0s)
  ok 19 tests\browser\preview-fidelity.spec.mjs:23:34 › recorded preview keeps a useful artifact body and reachable chrome at 320px (2.3s)
  ok 20 tests\browser\workflow-data-details.spec.mjs:31:1 › actual clock settings preserve saved time while visibility, starting values and shared source bindings change (2.4s)
  ok 21 tests\browser\workflow-data-details.spec.mjs:67:1 › privacy saves without loading existing initial values retain visible unconfirmed persistence feedback (1.7s)
  ok 22 tests\browser\workflow-data-details.spec.mjs:82:1 › actual file settings offer five formats and three visibility buttons while outcomes retain JSON (1.7s)
  ok 23 tests\browser\workflow-data-details.spec.mjs:90:1 › product Workflow Data controls have flat beveled edges and fit normal, light and narrow Details (2.1s)
  ok 24 tests\browser\workflows.spec.mjs:139:1 › editing imported structured scan rules preserves findings and metadata and rejects invalid drafts (2.0s)
  ok 25 tests\browser\workflows.spec.mjs:188:1 › formation request summary follows scan mode and additional reachable repair members (1.7s)
  ok 26 tests\browser\workflows.spec.mjs:218:1 › independently bind model nodes in a unified workflow without arming it (3.6s)
  ok 27 tests\browser\workflows.spec.mjs:270:1 › unified workflow keeps its AI De-slop primitives and preserves a focused editor (2.1s)
  ok 28 tests\browser\workflows.spec.mjs:311:1 › examples and model details open without domain scans or provider requests (2.6s)
  ok 29 tests\browser\workflows.spec.mjs:331:1 › current empty-canvas creation offers compatible operations (1.5s)
  ok 30 tests\browser\workflows.spec.mjs:386:1 › a real reviewed run requires Apply and preserves the original swipe (2.0s)
  ok 31 tests\browser\workflows.spec.mjs:398:1 › an external reply edit disables Apply and a rejected candidate preserves the original (1.9s)
  ok 32 tests\browser\workflows.spec.mjs:412:1 › switching graph or closing cancels a delayed run and ignores its late result (2.4s)
  ok 33 tests\browser\workflows.spec.mjs:436:1 › Run to here stays diagnostic and actual Send retains addressed request evidence (2.2s)
  ok 34 tests\browser\workflows.spec.mjs:454:1 › document replacement expires automatic Send evidence and reopening permits a fresh owned Send (2.4s)
  ok 35 tests\browser\workflows.spec.mjs:477:1 › Send indicator follows the enabled open unified document (1.7s)
  ok 36 tests\browser\workflows.spec.mjs:490:1 › review controls and comparison stay usable in a narrow viewport (1.9s)
  ok 37 tests\browser\workflows.spec.mjs:504:1 › named wire inspection describes artifact flow (1.8s)
  ok 38 tests\browser\workflows.spec.mjs:534:1 › the native canvas provides a keyboard-accessible duplicate action (1.5s)
  ok 39 tests\browser\workflows.spec.mjs:544:1 › native camera pan and zoom preserve the focused editor without domain work (2.5s)
  ok 40 tests\browser\workflows.spec.mjs:583:1 › native presentation undo preserves reviewed authority while semantic undo and redo revoke it (2.1s)
  ok 41 tests\browser\workflows.spec.mjs:613:1 › accepted semantic additive import cancels a root request and history cannot resurrect its late authority (2.1s)
  ok 42 tests\browser\workflows.spec.mjs:647:1 › an imported native graph with omitted role records can bind its model node (2.1s)
  ok 43 tests\browser\workflows.spec.mjs:661:1 › narrow workflow inspection and review remain opaque during selection feedback (2.3s)
  ok 44 tests\browser\workflows.spec.mjs:693:1 › narrow toolbar exposes readable labeled pane and theme controls (1.8s)
  ok 45 tests\browser\workspace-menu-panels.spec.mjs:9:1 › View remembers shelf visibility and Reset layout restores panels without changing the document (2.6s)
  ok 46 tests\browser\workspace-menu-panels.spec.mjs:25:1 › Graph Rename reveals hidden Details and focuses the selected node name (1.7s)
  ok 47 tests\browser\workspace-menu-panels.spec.mjs:37:1 › validation and Help show current data and documentation without running or editing the workflow (2.0s)
  ok 48 tests\browser\workspace-menu-panels.spec.mjs:95:1 › View pins the selected output and Workflow diagnostics retain its exact source and target (1.7s)
  ok 49 tests\browser\workspace.spec.mjs:25:120 › divider pointercancel rolls back with a selection and permits another drag (1.6s)
  ok 50 tests\browser\workspace.spec.mjs:25:120 › divider lost capture rolls back with a selection and permits another drag (1.6s)
  ok 51 tests\browser\workspace.spec.mjs:25:120 › divider blur rolls back with a selection and permits another drag (1.6s)
  ok 52 tests\browser\workspace.spec.mjs:25:120 › divider unmount rolls back with a selection and permits another drag (1.7s)
  ok 53 tests\browser\workspace.spec.mjs:25:120 › divider pointercancel rolls back with no selection and permits another drag (1.6s)
  ok 54 tests\browser\workspace.spec.mjs:25:120 › divider lost capture rolls back with no selection and permits another drag (1.6s)
  ok 55 tests\browser\workspace.spec.mjs:25:120 › divider blur rolls back with no selection and permits another drag (1.6s)
  ok 56 tests\browser\workspace.spec.mjs:25:120 › divider unmount rolls back with no selection and permits another drag (1.6s)
  ok 57 tests\browser\workspace.spec.mjs:48:39 › divider Escape rolls back with a selection and releases capture (1.6s)
  ok 58 tests\browser\workspace.spec.mjs:48:39 › divider Escape rolls back with no selection and releases capture (1.6s)
  ok 59 tests\browser\workspace.spec.mjs:72:59 › Edit menu supports group Copy (1.6s)
  ok 60 tests\browser\workspace.spec.mjs:72:59 › Edit menu supports group Cut (1.6s)
  ok 61 tests\browser\workspace.spec.mjs:72:59 › Edit menu supports group Delete selection (1.6s)
  ok 62 tests\browser\workspace.spec.mjs:94:1 › Edit menu allows named wire deletion and current node edits (1.7s)
  ok 63 tests\browser\workspace.spec.mjs:108:1 › Inspect selection reveals Details and the root tab has quote-orange keyboard focus (1.7s)
  ok 64 tests\browser\workspace.spec.mjs:124:43 › Examples dialog suppresses background graph shortcuts with button focus (2.6s)
  ok 65 tests\browser\workspace.spec.mjs:124:43 › Help dialog suppresses background graph shortcuts with button focus (1.6s)
  ok 66 tests\browser\workspace.spec.mjs:140:1 › consolidated workspace menus support keyboard navigation, Escape and outside dismissal (2.2s)
  ok 67 tests\browser\workspace.spec.mjs:161:1 › shelf stays outside the camera and canonical nodes align with their opening family (1.6s)
  ok 68 tests\browser\workspace.spec.mjs:180:44 › workspace fits 1024px and loads its local brand font (1.3s)
  ok 69 tests\browser\workspace.spec.mjs:180:44 › workspace fits 736px and loads its local brand font (1.3s)
  ok 70 tests\browser\workspace.spec.mjs:180:44 › workspace fits 360px and loads its local brand font (1.3s)
  ok 71 tests\browser\workspace.spec.mjs:180:44 › workspace fits 320px and loads its local brand font (1.3s)
  ok 72 tests\browser\workspace.spec.mjs:200:1 › Run to here and Stop remain active while the preview divider resizes (3.3s)
  ok 73 tests\browser\workspace.spec.mjs:263:1 › preview divider redistributes panes without changing the graph camera, selection or cards (1.8s)

  73 passed (2.4m)
